// Jest Snapshot v1, https://goo.gl/fbAQLP

exports[`TheDate Component renders the UI as expected 1`] = `
<div>
  console.log(
  5/22/2019, 10:31:50 PM
  )
</div>
`;
